// Jest Snapshot v1, https://goo.gl/fbAQLP

exports[`pruebas <HeroCard/> Validar la informacion de las tarjetas 1`] = `ShallowWrapper {}`;
