// Jest Snapshot v1, https://goo.gl/fbAQLP

exports[`Pruebas en <AppRouter/> Mostrar login si no esta autenticado 1`] = `ReactWrapper {}`;
